9458b71a2054df6ca3d1ce9df2090649b1416a368e41ae40bfa0cc52f5efb05e