f5e3487eb2802ee1a7ebcbca6c3c185af2709aba98f4de2004bb5e5ab587884c