024cc9f232d5eb23f608c8364c4ec411c173a959b2ad9b219c824bbe4f474757