939ca18e16fdb10712bc1cf0bb2ce6c864855f81b9d79606f6894b33c6bacb6e