474a2615be874dae877b54cce5a6f8fea2c02225219abeb14519c848b71c37cc