37dd09028bd0a95e64b83df32a1446932f81a72c4c9a6a2cac5c0165ac61e29b