8acb2a21f97dc3622a983449e8e64d0e6b1d1ae7ad072dc164f9daea5241e4eb