3fef8b7e07efe9b9599e32ce72b1f0f8ab31accd61788c94c57951770ab184c2