98f292215ab793c2607aa18d8a61ef026d4c99e39f70be5aaaf466659ba2f19c