116df541e3513ebb01ed652bda6cb1c0fae8a93ac990e9ffae2b579b59b3a77c