4a5b097d68803a5c1445b31f1c56fd6cb216106043866ad2812212b8af641adf