876fdd34a1f4e5e3d15a1fdb9b515792100efa6a03757708d78efc4c5ab4f2b7