8abc04db9a8b9d57f4d92cf646c06af210b236b3668dcb40e1fb0a49e94af4be