64dc47f1f45abfe56421c1ab4458156150cfb92417cac14933649e05ff87dd9a