59964ee437e38e37dbbb78362118937e90defd89bdf358667394a35f6ed2ba46