fd29b9a8810ccad865dae57d08ea3fc52ec88753621007a5ea0f1bb7887d019c