bb58f6f866f208fdd9cd23787ac86053da3d9323b4f0c3fbecd35dce8fcbd6f7