ce06b21e8f3673bea6d3fa521099a26abe1ba89da996b24c9f9df1270ec4d33b