2ed23b25864e7e1071293abaec7c70ad9cb76808bdb717fdcc372c25a3b01ae9