08a0ef6633022338ac29c51d645bb1f38d31416541e7faa21740b31a1be04dc8