61dd1de7c7de054abcde1b99b06270aed51d6ff3262f14205b6dc0df786212b9