54bb672803ea05962a12246cf6ff65e3d01e35b1a4352de6ca5bbb7077531260