d0b09dfc436e156c0ed3845ba58e006f683bc8ce1795071bb20f2a15c0a2d32e
