5f904fd43ca49f268af3141afe73116f1260800918a738afeaf51a94f99fffb2