2edc017887e7b64a83b768d3014e37dbec723dff8694a0e74a71ebb3b51c43cb