ecd3f8768ecc37052ca3b929edb05157b10024a0b2d8995bd2eda16cf755bcfe