eba29361b50cf14128dbf34362635bc2170474c8bb13c916638b2531174bf04a