285daaef98c64d4c374f9d09ef0e14e5586702be4122bf4ab7a9ec5a893530ac