d9c5a347340a387c4cecf24c29ad4b3c524773e8224683380221a62ec820abd9